<testsuites id="" name="" tests="1" failures="1" skipped="0" errors="0" time="5.75413">
<testsuite name="analytics-authenticated.spec.ts" timestamp="2025-10-19T14:45:03.481Z" hostname="chromium" tests="1" failures="1" skipped="0" time="2.288" errors="0">
<testcase name="FE-007: Analytics Dashboard (Authenticated) › should successfully load analytics page when authenticated" classname="analytics-authenticated.spec.ts" time="2.288">
<failure message="analytics-authenticated.spec.ts:236:7 should successfully load analytics page when authenticated" type="FAILURE">
<![CDATA[  [chromium] › analytics-authenticated.spec.ts:236:7 › FE-007: Analytics Dashboard (Authenticated) › should successfully load analytics page when authenticated 

    Error: expect(received).toContain(expected) // indexOf

    Expected substring: "/analytics"
    Received string:    "http://localhost:3000/dashboard"

      239 |
      240 |     // Verify we're on the analytics page (not redirected to login)
    > 241 |     expect(page.url()).toContain('/analytics');
          |                        ^
      242 |     expect(page.url()).not.toContain('/login');
      243 |
      244 |     // Verify page content loaded
        at /Users/williansanches/projects/personal/social-selling-2/e2e/analytics-authenticated.spec.ts:241:24

    attachment #1: screenshot (image/png) ──────────────────────────────────────────────────────────
    ../test-results/analytics-authenticated-FE-d4c57-ics-page-when-authenticated-chromium/test-failed-1.png
    ────────────────────────────────────────────────────────────────────────────────────────────────

    attachment #2: video (video/webm) ──────────────────────────────────────────────────────────────
    ../test-results/analytics-authenticated-FE-d4c57-ics-page-when-authenticated-chromium/video.webm
    ────────────────────────────────────────────────────────────────────────────────────────────────

    Error Context: ../test-results/analytics-authenticated-FE-d4c57-ics-page-when-authenticated-chromium/error-context.md
]]>
</failure>
<system-out>
<![CDATA[
[[ATTACHMENT|analytics-authenticated-FE-d4c57-ics-page-when-authenticated-chromium/test-failed-1.png]]

[[ATTACHMENT|analytics-authenticated-FE-d4c57-ics-page-when-authenticated-chromium/video.webm]]

[[ATTACHMENT|analytics-authenticated-FE-d4c57-ics-page-when-authenticated-chromium/error-context.md]]
]]>
</system-out>
</testcase>
</testsuite>
</testsuites>